[main 2f6ac7e] status update 2026-03-25 08:00:05 UTC
 3 files changed, 33 insertions(+), 17 deletions(-)
 create mode 100644 cron.log
git@github.com: Permission denied (publickey).
fatal: Could not read from remote repository.

Please make sure you have the correct access rights
and the repository exists.
[main a82e5e2] status update 2026-03-25 08:05:05 UTC
 2 files changed, 33 insertions(+), 17 deletions(-)
git@github.com: Permission denied (publickey).
fatal: Could not read from remote repository.

Please make sure you have the correct access rights
and the repository exists.
[main 37ce8be] status update 2026-03-25 08:10:06 UTC
 2 files changed, 8 insertions(+), 1 deletion(-)
git@github.com: Permission denied (publickey).
fatal: Could not read from remote repository.

Please make sure you have the correct access rights
and the repository exists.
[main 3e9ac17] status update 2026-03-25 08:15:05 UTC
 2 files changed, 8 insertions(+), 1 deletion(-)
git@github.com: Permission denied (publickey).
fatal: Could not read from remote repository.

Please make sure you have the correct access rights
and the repository exists.
[main 6e74181] status update 2026-03-25 08:20:05 UTC
 2 files changed, 8 insertions(+), 1 deletion(-)
git@github.com: Permission denied (publickey).
fatal: Could not read from remote repository.

Please make sure you have the correct access rights
and the repository exists.
[main 387e93a] status update 2026-03-25 08:25:09 UTC
 4 files changed, 80 insertions(+), 73 deletions(-)
git@github.com: Permission denied (publickey).
fatal: Could not read from remote repository.

Please make sure you have the correct access rights
and the repository exists.
[main 7cfc74d] status update 2026-03-25 08:30:08 UTC
 4 files changed, 26 insertions(+), 19 deletions(-)
git@github.com: Permission denied (publickey).
fatal: Could not read from remote repository.

Please make sure you have the correct access rights
and the repository exists.
[main 0879188] status update 2026-03-25 08:35:07 UTC
 1 file changed, 1 insertion(+), 1 deletion(-)
git@github.com: Permission denied (publickey).
fatal: Could not read from remote repository.

Please make sure you have the correct access rights
and the repository exists.
[main 40a3c5b] status update 2026-03-25 08:40:06 UTC
 1 file changed, 1 insertion(+), 1 deletion(-)
To github.com:dedcode/cleanimp-logs.git
   7fe5d35..40a3c5b  main -> main
[main f200897] status update 2026-03-25 08:45:06 UTC
 4 files changed, 95 insertions(+), 91 deletions(-)
To github.com:dedcode/cleanimp-logs.git
   40a3c5b..f200897  main -> main
